<testsuites id="" name="" tests="4" failures="0" skipped="0" errors="0" time="7.619933999999999">
<testsuite name="blazeLogin.spec.js" timestamp="2025-02-21T06:57:59.232Z" hostname="chromium" tests="2" failures="0" skipped="0" time="12.81" errors="0">
<testcase name="Navigate to PDP" classname="blazeLogin.spec.js" time="6.085">
</testcase>
<testcase name="Failed Test Case" classname="blazeLogin.spec.js" time="6.725">
</testcase>
</testsuite>
<testsuite name="example.spec.js" timestamp="2025-02-21T06:57:59.232Z" hostname="chromium" tests="2" failures="0" skipped="0" time="10.38" errors="0">
<testcase name="has title" classname="example.spec.js" time="5.304">
</testcase>
<testcase name="get started link" classname="example.spec.js" time="5.076">
</testcase>
</testsuite>
</testsuites>